Asken
Asken
Asken
Papperskorgen
Asken
Asken
Asken
Papperskorgen
Asken
Asken
Asken
Asken
Papperskorgen
Papperskorgen
Asken
Papperskorgen
Asken
Asken
Papperskorgen
Asken
Papperskorgen
Asken
Papperskorgen
Papperskorgen
Asken
Asken
Papperskorgen
Asken
Papperskorgen
Papperskorgen
Asken
Papperskorgen
Papperskorgen
Papperskorgen
Papperskorgen
Papperskorgen
Asken
Papperskorgen
Papperskorgen
Asken
Papperskorgen
Papperskorgen
Asken
Asken
Asken
Asken
Papperskorgen
Papperskorgen
Asken
Asken
Asken
Papperskorgen
Asken
Papperskorgen
Papperskorgen
Asken
Papperskorgen
Papperskorgen
Asken
Asken
Asken
Asken
Asken
Asken
