Papperskorgen
Papperskorgen
Papperskorgen
Papperskorgen
Papperskorgen
Papperskorgen
Papperskorgen
Papperskorgen
Papperskorgen
Papperskorgen
Papperskorgen
Papperskorgen
Papperskorgen
Papperskorgen
Papperskorgen
Asken
Papperskorgen
Papperskorgen
Papperskorgen
Papperskorgen
Papperskorgen
Papperskorgen
Papperskorgen
Papperskorgen
Papperskorgen
Papperskorgen
Papperskorgen
Papperskorgen
Papperskorgen
Papperskorgen
Papperskorgen
Papperskorgen
Asken
Papperskorgen
Papperskorgen
Papperskorgen
Papperskorgen
Papperskorgen
Papperskorgen
Papperskorgen
Papperskorgen
Papperskorgen
Papperskorgen
Papperskorgen
Papperskorgen
Papperskorgen
Papperskorgen
Papperskorgen
Papperskorgen
Papperskorgen
Papperskorgen
Papperskorgen
Papperskorgen
Papperskorgen
Papperskorgen
Papperskorgen
Papperskorgen
Papperskorgen
Papperskorgen
Papperskorgen
Papperskorgen
Papperskorgen
Papperskorgen
Papperskorgen
Papperskorgen
Papperskorgen
Papperskorgen
Papperskorgen
Papperskorgen
Papperskorgen
Papperskorgen
Papperskorgen
Papperskorgen
Papperskorgen
Papperskorgen
Papperskorgen
Papperskorgen
Papperskorgen
Papperskorgen
Papperskorgen
Papperskorgen
Papperskorgen
Papperskorgen
Papperskorgen
Papperskorgen
Papperskorgen
